[circulareconomytoolkit.org/index.html]
[backblue.gif]
[fade.gif]
[index.html]
[circulareconomytoolkit.org/favicon.ico]
[circulareconomytoolkit.org/css/style.css]
[circulareconomytoolkit.org/js/cycle.js]
[circulareconomytoolkit.org/css/css/demo.css]
[circulareconomytoolkit.org/css/flexslider2.css]
[circulareconomytoolkit.org/js/jquery-1.7.1.min.js]
[circulareconomytoolkit.org/js/jquery.flexslider2.js]
[circulareconomytoolkit.org/js/jquery.mousewheel.js]
[circulareconomytoolkit.org/js/demo.js]
[circulareconomytoolkit.org/images/Logo2.png]
[circulareconomytoolkit.org/introduction.html]
[circulareconomytoolkit.org/Toolkit.html]
[circulareconomytoolkit.org/Assessmenttool.html]
[circulareconomytoolkit.org/img/Picture17.png]
[circulareconomytoolkit.org/img/Picture20.png]
[circulareconomytoolkit.org/images/Survey.png]
[circulareconomytoolkit.org/Press Release_Circular Economy Toolkit.doc]
[circulareconomytoolkit.org/index.html]
[circulareconomytoolkit.org/images/About.png]
[circulareconomytoolkit.org/images/tool/arrows.png]
[circulareconomytoolkit.org/css/images/prw.1c.delayed]
[circulareconomytoolkit.org/css/style.css]
[circulareconomytoolkit.org/css/css/demo.html]
[circulareconomytoolkit.org/img/jump-to.png]
[circulareconomytoolkit.org/css/flexslider2.css]
[circulareconomytoolkit.org/images/bg_direction_nav2.png]
[circulareconomytoolkit.org/introduction.html]
[circulareconomytoolkit.org/index-2.html]
[circulareconomytoolkit.org/jquery.maphilight.js]
[circulareconomytoolkit.org/cycle.js]
[circulareconomytoolkit.org/design-manufacture-distribute.html]
[circulareconomytoolkit.org/usage.html]
[circulareconomytoolkit.org/reuse-redistribute.html]
[circulareconomytoolkit.org/products-as-a-service.html]
[circulareconomytoolkit.org/advanced.html]
[circulareconomytoolkit.org/case.2e.delayed]
[circulareconomytoolkit.org/Toolkit.html]
[circulareconomytoolkit.org/css/styleq.css]
[circulareconomytoolkit.org/js/custom.js]
[circulareconomytoolkit.org/js/tool.js]
[circulareconomytoolkit.org/slider/css/simple-slider.css]
[circulareconomytoolkit.org/js/script.js]
[circulareconomytoolkit.org/fancybox/jquery.fancybox.js]
[circulareconomytoolkit.org/images/tool/rect1_grey.png]
[circulareconomytoolkit.org/images/tool/rect3_grey.png]
[circulareconomytoolkit.org/js/jquery-ui.js]
[circulareconomytoolkit.org/images/tool/circle1_grey.png]
[circulareconomytoolkit.org/images/tool/circle2_grey.png]
[circulareconomytoolkit.org/images/tool/circle6_grey.png]
[circulareconomytoolkit.org/images/tool/circle4_grey.png]
[circulareconomytoolkit.org/images/tool/circle3_grey.png]
[circulareconomytoolkit.org/images/tool/circle5_grey.png]
[circulareconomytoolkit.org/images/tool/circle7_grey.png]
[circulareconomytoolkit.org/images/tool/key.png]
[circulareconomytoolkit.org/Assessmenttool.html]
[circulareconomytoolkit.org/img/Picture18.png]
[circulareconomytoolkit.org/img/Picture19.png]
[circulareconomytoolkit.org/Workshops.html]
[circulareconomytoolkit.org/images/Feedback.png]
[circulareconomytoolkit.org/images/PressRelease.png]
[circulareconomytoolkit.org/css/images/prw.html]
[circulareconomytoolkit.org/css/images/nxt.png]
[circulareconomytoolkit.org/images/slider-bg.jpg]
[circulareconomytoolkit.org/css/images/preload.gif]
[circulareconomytoolkit.org/index-2.html]
[circulareconomytoolkit.org/js/jquery.easing.js]
[circulareconomytoolkit.org/images/AllSixOrg.png]
[circulareconomytoolkit.org/tinybox.js]
[circulareconomytoolkit.org/images/left_arrow.png]
[circulareconomytoolkit.org/images/slideshow/jaguar.jpg]
[circulareconomytoolkit.org/images/slideshow/apple.jpg]
[circulareconomytoolkit.org/images/right_arrow.png]
[circulareconomytoolkit.org/images/slideshow/ms.jpg]
[circulareconomytoolkit.org/images/slideshow/ribena.jpg]
[circulareconomytoolkit.org/images/slideshow/polatec.jpg]
[circulareconomytoolkit.org/images/slideshow/tata.jpg]
[circulareconomytoolkit.org/images/slideshow/bs.jpg]
[circulareconomytoolkit.org/images/Circ1.png]
[circulareconomytoolkit.org/design-manufacture-distribute.html]
[circulareconomytoolkit.org/images/slideshow/dyson.jpg]
[circulareconomytoolkit.org/images/slideshow/flintandtinder.jpg]
[circulareconomytoolkit.org/usage.html]
[circulareconomytoolkit.org/images/Circ2.png]
[circulareconomytoolkit.org/images/slideshow/patagonia.jpg]
[circulareconomytoolkit.org/images/Circ4.png]
[circulareconomytoolkit.org/maintain-repair.html]
[circulareconomytoolkit.org/reuse-redistribute.html]
[circulareconomytoolkit.org/images/slideshow/rollsroyce.jpg]
[circulareconomytoolkit.org/recycle.html]
[circulareconomytoolkit.org/images/Circ7.png]
[circulareconomytoolkit.org/products-as-a-service.html]
[circulareconomytoolkit.org/advanced.html]
[circulareconomytoolkit.org/case.html]
[circulareconomytoolkit.org/css/styleq.css]
[circulareconomytoolkit.org/tools.html]
[circulareconomytoolkit.org/slider/css/simple-slider.css]
[circulareconomytoolkit.org/images/tool/diagram.png]
[circulareconomytoolkit.org/js/jquery.maphilight.js]
[circulareconomytoolkit.org/images/tool/rect2_grey.png]
[circulareconomytoolkit.org/css/flexslider.css]
[circulareconomytoolkit.org/js/jquery.flexslider.js]
[circulareconomytoolkit.org/images/WorkshopSlides.png]
[circulareconomytoolkit.org/CE Toolkit_Workshop Feedback Template_V01.ppt]
[circulareconomytoolkit.org/images/FeedbackSlides.png]
[circulareconomytoolkit.org/img/image9.jpg]
[circulareconomytoolkit.org/img/image11.jpg]
[circulareconomytoolkit.org/img/image7.jpg]
[circulareconomytoolkit.org/img/image8.jpg]
[circulareconomytoolkit.org/img/image2.jpg]
[circulareconomytoolkit.org/img/image3.jpg]
[circulareconomytoolkit.org/img/image13.jpg]
[circulareconomytoolkit.org/img/image15.jpg]
[circulareconomytoolkit.org/Workshops.html]
[circulareconomytoolkit.org/css/images/nxt.png]
[circulareconomytoolkit.org/images/slider-bg.jpg]
[circulareconomytoolkit.org/css/images/preload.gif]
[circulareconomytoolkit.org/images/slideshow/Puma.jpg]
[circulareconomytoolkit.org/about.html]
[circulareconomytoolkit.org/images/slideshow/toy.jpg]
[circulareconomytoolkit.org/jquery-ui.css]
[circulareconomytoolkit.org/images/slideshow/pg.jpg]
[circulareconomytoolkit.org/images/slideshow/dell.jpg]
[circulareconomytoolkit.org/images/Circ3.png]
[circulareconomytoolkit.org/maintain-repair.html]
[circulareconomytoolkit.org/images/slideshow/bmw.jpg]
[circulareconomytoolkit.org/images/slideshow/acer.jpg]
[circulareconomytoolkit.org/recycle.html]
[circulareconomytoolkit.org/images/FaultTreeAnalysisExample.png]
[circulareconomytoolkit.org/style.css]
[circulareconomytoolkit.org/images/LifeCycleAnalysisISO.png]
[circulareconomytoolkit.org/tools.html]
[circulareconomytoolkit.org/fancybox/jquery.fancybox.css]
[circulareconomytoolkit.org/slider/js/simple-slider.js]
[circulareconomytoolkit.org/css/flexslider.css]
[circulareconomytoolkit.org/CE Toolkit_Facilitator Guide_V02.pdf]
[circulareconomytoolkit.org/images/FacilitatorsGuide.png]
[circulareconomytoolkit.org/img/image10.jpg]
[circulareconomytoolkit.org/img/image12.jpg]
[circulareconomytoolkit.org/img/image5.jpg]
[circulareconomytoolkit.org/img/image6.jpg]
[circulareconomytoolkit.org/img/image4.jpg]
[circulareconomytoolkit.org/about.html]
[circulareconomytoolkit.org/images/Infographic.jpg]
[circulareconomytoolkit.org/images/ui-bg_flat_75_ffffff_40x100.83.delayed]
[circulareconomytoolkit.org/images/ui-bg_glass_65_ffffff_1x400.png]
[circulareconomytoolkit.org/images/ui-bg_glass_55_fbf9ee_1x400.png]
[circulareconomytoolkit.org/images/ui-bg_glass_95_fef1ec_1x400.png]
[circulareconomytoolkit.org/images/ui-icons_222222_256x240.png]
[circulareconomytoolkit.org/images/ui-icons_888888_256x240.png]
[circulareconomytoolkit.org/images/ui-icons_454545_256x240.png]
[circulareconomytoolkit.org/images/ui-icons_cd0a0a_256x240.png]
[circulareconomytoolkit.org/images/ui-bg_flat_0_aaaaaa_40x100.png]
[circulareconomytoolkit.org/jquery-ui.css]
[circulareconomytoolkit.org/refurbish-remanufacture.html]
[circulareconomytoolkit.org/images/slideshow/nike.jpg]
[circulareconomytoolkit.org/images/slideshow/cat.jpg]
[circulareconomytoolkit.org/images/Circ6.png]
[circulareconomytoolkit.org/images/slideshow/desso.jpg]
[circulareconomytoolkit.org/images/prw.png]
[circulareconomytoolkit.org/style.css]
[circulareconomytoolkit.org/images/preload.gif]
[circulareconomytoolkit.org/images/SankeyDiagramExample.png]
[circulareconomytoolkit.org/images/Circ8.png]
[circulareconomytoolkit.org/fancybox/jquery.fancybox.css]
[circulareconomytoolkit.org/js/jcarousellite_1.0.1.min.js]
[circulareconomytoolkit.org/fancybox/blank.gif]
[circulareconomytoolkit.org/CE Toolkit_Workshop Slides_V04.pdf]
[circulareconomytoolkit.org/images/bg_direction_nav.png]
[circulareconomytoolkit.org/img/image14.jpg]
[circulareconomytoolkit.org/img/image16.jpg]
[circulareconomytoolkit.org/images/ui-bg_flat_75_ffffff_40x100.html]
[circulareconomytoolkit.org/images/ui-bg_glass_65_ffffff_1x400.html]
[circulareconomytoolkit.org/images/ui-bg_glass_55_fbf9ee_1x400.html]
[circulareconomytoolkit.org/images/ui-bg_glass_95_fef1ec_1x400.html]
[circulareconomytoolkit.org/images/ui-icons_222222_256x240.html]
[circulareconomytoolkit.org/images/ui-icons_cd0a0a_256x240.html]
[circulareconomytoolkit.org/images/ui-bg_flat_0_aaaaaa_40x100.html]
[circulareconomytoolkit.org/images/nxt.png]
[circulareconomytoolkit.org/fancybox/fancybox_sprite.png]
[circulareconomytoolkit.org/images/animated-overlay.gif]
[circulareconomytoolkit.org/images/ui-icons_2e83ff_256x240.png]
[circulareconomytoolkit.org/fancybox/fancybox_loading.gif]
[circulareconomytoolkit.org/img/image1.jpg]
[circulareconomytoolkit.org/images/animated-overlay.gif]
[circulareconomytoolkit.org/images/ui-icons_2e83ff_256x240.png]
